// Jest Snapshot v1, https://goo.gl/fbAQLP

exports[`<BannerSlider /> should render vertical slider 1`] = `
.c6 {
  display: -webkit-inline-box;
  display: -webkit-inline-flex;
  display: -ms-inline-flexbox;
  display: inline-flex;
  -webkit-align-items: center;
  -webkit-box-align: center;
  -ms-flex-align: center;
  align-items: center;
  -webkit-box-pack: center;
  -webkit-justify-content: center;
  -ms-flex-pack: center;
  justify-content: center;
  background: linear-gradient(180deg,#ff5f5f 0%,#f062c0 50%);
  color: #FAFAFA;
  border: none;
  cursor: pointer;
  border-radius: 0.4rem;
  padding: 0.8rem;
  -webkit-text-decoration: none;
  text-decoration: none;
  height: 5rem;
  font-size: 1.6rem;
  padding: 0.8rem 4.8rem;
}

.c6:hover {
  background: linear-gradient(180deg,#e35565 0%,#d958a6 50%);
}

.c8 {
  position: absolute;
  top: 1.6rem;
  display: -webkit-box;
  display: -webkit-flex;
  display: -ms-flexbox;
  display: flex;
  -webkit-align-items: center;
  -webkit-box-align: center;
  -ms-flex-align: center;
  align-items: center;
  font-weight: 600;
  color: #FAFAFA;
  background-color: #F231A5;
  height: 3.6rem;
  font-size: 1.4rem;
  padding: 0 2.4rem;
  right: -2rem;
}

.c8::before {
  content: '';
  position: absolute;
  right: 0;
  border-style: solid;
  border-left-width: 0rem;
  border-right-color: transparent;
  border-bottom-color: transparent;
  border-bottom-width: 1rem;
}

.c8::before {
  border-left-color: #b20b6f;
  border-top-color: #b20b6f;
}

.c8::before {
  top: 3.6rem;
  border-top-width: 1rem;
  border-right-width: 2rem;
}

.c1 {
  position: relative;
}

.c2 {
  width: 100%;
  height: 23rem;
  background-color: #EAEAEA;
  background-image: url(https://source.unsplash.com/random/1042x580);
  background-position: center;
  background-size: cover;
}

.c3 {
  width: 100%;
  background-color: rgba(0,0,0,0.7);
  padding: 2.4rem;
}

.c4 {
  font-size: 1.8rem;
  font-weight: 600;
  color: #FAFAFA;
}

.c5 {
  color: #FAFAFA;
  font-size: 1.4rem;
  font-weight: 400;
  margin-bottom: 1.6rem;
}

.c5 strong {
  color: #F231A5;
  font-weight: 600;
}

.c0 .slick-slider {
  position: relative;
  display: block;
  box-sizing: border-box;
  -webkit-user-select: none;
  -moz-user-select: none;
  -ms-user-select: none;
  -webkit-user-select: none;
  -moz-user-select: none;
  -ms-user-select: none;
  user-select: none;
  -webkit-touch-callout: none;
  -khtml-user-select: none;
  -ms-touch-action: pan-y;
  touch-action: pan-y;
  -webkit-tap-highlight-color: transparent;
}

.c0 .slick-list {
  position: relative;
  display: block;
  overflow: hidden;
  margin: 0;
  padding: 0;
}

.c0 .slick-list:focus {
  outline: none;
}

.c0 .slick-list.dragging {
  cursor: pointer;
  cursor: hand;
}

.c0 .slick-slider .slick-track,
.c0 .slick-slider .slick-list {
  -webkit-transform: translate3d(0,0,0);
  -moz-transform: translate3d(0,0,0);
  -ms-transform: translate3d(0,0,0);
  -o-transform: translate3d(0,0,0);
  -webkit-transform: translate3d(0,0,0);
  -ms-transform: translate3d(0,0,0);
  transform: translate3d(0,0,0);
}

.c0 .slick-track {
  position: relative;
  top: 0;
  left: 0;
  display: block;
}

.c0 .slick-track:before,
.c0 .slick-track:after {
  display: table;
  content: '';
}

.c0 .slick-track:after {
  clear: both;
}

.c0 .slick-loading .slick-track {
  visibility: hidden;
}

.c0 .slick-slide {
  display: none;
  float: left;
  height: 100%;
  min-height: 1px;
}

.c0 [dir='rtl'] .slick-slide {
  float: right;
}

.c0 .slick-slide img {
  display: block;
}

.c0 .slick-slide.slick-loading img {
  display: none;
}

.c0 .slick-slide.dragging img {
  pointer-events: none;
}

.c0 .slick-initialized .slick-slide {
  display: block;
}

.c0 .slick-loading .slick-slide {
  visibility: hidden;
}

.c0 .slick-vertical .slick-slide {
  display: block;
  height: auto;
  border: 1px solid transparent;
}

.c0 .slick-arrow.slick-hidden {
  display: none;
}

@media (max-width:1170px) {
  .c1 .c7 {
    right: 0;
  }

  .c1 .c7::before {
    display: none;
  }
}

@media (min-width:768px) {
  .c1 {
    box-shadow: 0 0.4rem 0.5rem 0 rgba(0,0,0,0.2);
  }
}

@media (min-width:768px) {
  .c2 {
    height: 58rem;
  }
}

@media (min-width:768px) {
  .c3 {
    border-radius: 0 0 0.4rem 0.4rem;
    padding: 4.0rem;
    position: absolute;
    bottom: 0;
    left: 0;
  }
}

@media (min-width:768px) {
  .c4 {
    font-size: 2.8rem;
  }
}

@media (min-width:768px) {
  .c5 {
    font-size: 1.8rem;
  }
}

<main
  class=""
>
  <main
    class="c0"
  >
    <div
      class="slick-slider slick-vertical slick-initialized"
      dir="ltr"
    >
      <div
        class="slick-list"
        style="height: 0px;"
      >
        <div
          class="slick-track"
          style="opacity: 1; transform: translate3d(0px, 0px, 0px);"
        >
          <div
            aria-hidden="false"
            class="slick-slide slick-active slick-current"
            data-index="0"
            style="outline: none; width: 0px;"
            tabindex="-1"
          >
            <div>
              <main
                class="c1"
              >
                <div
                  aria-label="Defy death 1"
                  class="c2"
                  role="img"
                  src="https://source.unsplash.com/random/1042x580"
                />
                <div
                  class="c3"
                >
                  <h2
                    class="c4"
                  >
                    Defy death 1
                  </h2>
                  <h3
                    class="c5"
                  >
                    <p>
                      Play the new 
                      <strong>
                        CrashLands
                      </strong>
                       season
                    </p>
                  </h3>
                  <a
                    class="c6"
                    href="/games/defy-death"
                  >
                    <span>
                      Buy now
                    </span>
                  </a>
                </div>
              </main>
            </div>
          </div>
          <div
            aria-hidden="true"
            class="slick-slide"
            data-index="1"
            style="outline: none; width: 0px;"
            tabindex="-1"
          >
            <div>
              <main
                class="c1"
              >
                <div
                  aria-label="Defy death 2"
                  class="c2"
                  role="img"
                  src="https://source.unsplash.com/random/1042x580"
                />
                <div
                  class="c3"
                >
                  <h2
                    class="c4"
                  >
                    Defy death 2
                  </h2>
                  <h3
                    class="c5"
                  >
                    <p>
                      Play the new 
                      <strong>
                        CrashLands
                      </strong>
                       season
                    </p>
                  </h3>
                  <a
                    class="c6"
                    href="/games/defy-death"
                  >
                    <span>
                      Buy now
                    </span>
                  </a>
                </div>
                <div
                  class="c7 c8"
                  color="primary"
                >
                  Bestselling
                </div>
              </main>
            </div>
          </div>
        </div>
      </div>
      <ul
        class="slick-dots"
        style="display: block;"
      >
        <li
          class="slick-active"
        >
          <button>
            1
          </button>
        </li>
        <li
          class=""
        >
          <button>
            2
          </button>
        </li>
      </ul>
    </div>
  </main>
</main>
`;

exports[`<BannerSlider /> should render with 1 active item 1`] = `
.c6 {
  display: -webkit-inline-box;
  display: -webkit-inline-flex;
  display: -ms-inline-flexbox;
  display: inline-flex;
  -webkit-align-items: center;
  -webkit-box-align: center;
  -ms-flex-align: center;
  align-items: center;
  -webkit-box-pack: center;
  -webkit-justify-content: center;
  -ms-flex-pack: center;
  justify-content: center;
  background: linear-gradient(180deg,#ff5f5f 0%,#f062c0 50%);
  color: #FAFAFA;
  border: none;
  cursor: pointer;
  border-radius: 0.4rem;
  padding: 0.8rem;
  -webkit-text-decoration: none;
  text-decoration: none;
  height: 5rem;
  font-size: 1.6rem;
  padding: 0.8rem 4.8rem;
}

.c6:hover {
  background: linear-gradient(180deg,#e35565 0%,#d958a6 50%);
}

.c8 {
  position: absolute;
  top: 1.6rem;
  display: -webkit-box;
  display: -webkit-flex;
  display: -ms-flexbox;
  display: flex;
  -webkit-align-items: center;
  -webkit-box-align: center;
  -ms-flex-align: center;
  align-items: center;
  font-weight: 600;
  color: #FAFAFA;
  background-color: #F231A5;
  height: 3.6rem;
  font-size: 1.4rem;
  padding: 0 2.4rem;
  right: -2rem;
}

.c8::before {
  content: '';
  position: absolute;
  right: 0;
  border-style: solid;
  border-left-width: 0rem;
  border-right-color: transparent;
  border-bottom-color: transparent;
  border-bottom-width: 1rem;
}

.c8::before {
  border-left-color: #b20b6f;
  border-top-color: #b20b6f;
}

.c8::before {
  top: 3.6rem;
  border-top-width: 1rem;
  border-right-width: 2rem;
}

.c1 {
  position: relative;
}

.c2 {
  width: 100%;
  height: 23rem;
  background-color: #EAEAEA;
  background-image: url(https://source.unsplash.com/random/1042x580);
  background-position: center;
  background-size: cover;
}

.c3 {
  width: 100%;
  background-color: rgba(0,0,0,0.7);
  padding: 2.4rem;
}

.c4 {
  font-size: 1.8rem;
  font-weight: 600;
  color: #FAFAFA;
}

.c5 {
  color: #FAFAFA;
  font-size: 1.4rem;
  font-weight: 400;
  margin-bottom: 1.6rem;
}

.c5 strong {
  color: #F231A5;
  font-weight: 600;
}

.c0 .slick-slider {
  position: relative;
  display: block;
  box-sizing: border-box;
  -webkit-user-select: none;
  -moz-user-select: none;
  -ms-user-select: none;
  -webkit-user-select: none;
  -moz-user-select: none;
  -ms-user-select: none;
  user-select: none;
  -webkit-touch-callout: none;
  -khtml-user-select: none;
  -ms-touch-action: pan-y;
  touch-action: pan-y;
  -webkit-tap-highlight-color: transparent;
}

.c0 .slick-list {
  position: relative;
  display: block;
  overflow: hidden;
  margin: 0;
  padding: 0;
}

.c0 .slick-list:focus {
  outline: none;
}

.c0 .slick-list.dragging {
  cursor: pointer;
  cursor: hand;
}

.c0 .slick-slider .slick-track,
.c0 .slick-slider .slick-list {
  -webkit-transform: translate3d(0,0,0);
  -moz-transform: translate3d(0,0,0);
  -ms-transform: translate3d(0,0,0);
  -o-transform: translate3d(0,0,0);
  -webkit-transform: translate3d(0,0,0);
  -ms-transform: translate3d(0,0,0);
  transform: translate3d(0,0,0);
}

.c0 .slick-track {
  position: relative;
  top: 0;
  left: 0;
  display: block;
}

.c0 .slick-track:before,
.c0 .slick-track:after {
  display: table;
  content: '';
}

.c0 .slick-track:after {
  clear: both;
}

.c0 .slick-loading .slick-track {
  visibility: hidden;
}

.c0 .slick-slide {
  display: none;
  float: left;
  height: 100%;
  min-height: 1px;
}

.c0 [dir='rtl'] .slick-slide {
  float: right;
}

.c0 .slick-slide img {
  display: block;
}

.c0 .slick-slide.slick-loading img {
  display: none;
}

.c0 .slick-slide.dragging img {
  pointer-events: none;
}

.c0 .slick-initialized .slick-slide {
  display: block;
}

.c0 .slick-loading .slick-slide {
  visibility: hidden;
}

.c0 .slick-vertical .slick-slide {
  display: block;
  height: auto;
  border: 1px solid transparent;
}

.c0 .slick-arrow.slick-hidden {
  display: none;
}

@media (max-width:1170px) {
  .c1 .c7 {
    right: 0;
  }

  .c1 .c7::before {
    display: none;
  }
}

@media (min-width:768px) {
  .c1 {
    box-shadow: 0 0.4rem 0.5rem 0 rgba(0,0,0,0.2);
  }
}

@media (min-width:768px) {
  .c2 {
    height: 58rem;
  }
}

@media (min-width:768px) {
  .c3 {
    border-radius: 0 0 0.4rem 0.4rem;
    padding: 4.0rem;
    position: absolute;
    bottom: 0;
    left: 0;
  }
}

@media (min-width:768px) {
  .c4 {
    font-size: 2.8rem;
  }
}

@media (min-width:768px) {
  .c5 {
    font-size: 1.8rem;
  }
}

<main
  class=""
>
  <main
    class="c0"
  >
    <div
      class="slick-slider slick-vertical slick-initialized"
      dir="ltr"
    >
      <div
        class="slick-list"
        style="height: 0px;"
      >
        <div
          class="slick-track"
          style="opacity: 1; transform: translate3d(0px, 0px, 0px);"
        >
          <div
            aria-hidden="false"
            class="slick-slide slick-active slick-current"
            data-index="0"
            style="outline: none; width: 0px;"
            tabindex="-1"
          >
            <div>
              <main
                class="c1"
              >
                <div
                  aria-label="Defy death 1"
                  class="c2"
                  role="img"
                  src="https://source.unsplash.com/random/1042x580"
                />
                <div
                  class="c3"
                >
                  <h2
                    class="c4"
                  >
                    Defy death 1
                  </h2>
                  <h3
                    class="c5"
                  >
                    <p>
                      Play the new 
                      <strong>
                        CrashLands
                      </strong>
                       season
                    </p>
                  </h3>
                  <a
                    class="c6"
                    href="/games/defy-death"
                  >
                    <span>
                      Buy now
                    </span>
                  </a>
                </div>
              </main>
            </div>
          </div>
          <div
            aria-hidden="true"
            class="slick-slide"
            data-index="1"
            style="outline: none; width: 0px;"
            tabindex="-1"
          >
            <div>
              <main
                class="c1"
              >
                <div
                  aria-label="Defy death 2"
                  class="c2"
                  role="img"
                  src="https://source.unsplash.com/random/1042x580"
                />
                <div
                  class="c3"
                >
                  <h2
                    class="c4"
                  >
                    Defy death 2
                  </h2>
                  <h3
                    class="c5"
                  >
                    <p>
                      Play the new 
                      <strong>
                        CrashLands
                      </strong>
                       season
                    </p>
                  </h3>
                  <a
                    class="c6"
                    href="/games/defy-death"
                  >
                    <span>
                      Buy now
                    </span>
                  </a>
                </div>
                <div
                  class="c7 c8"
                  color="primary"
                >
                  Bestselling
                </div>
              </main>
            </div>
          </div>
        </div>
      </div>
      <ul
        class="slick-dots"
        style="display: block;"
      >
        <li
          class="slick-active"
        >
          <button>
            1
          </button>
        </li>
        <li
          class=""
        >
          <button>
            2
          </button>
        </li>
      </ul>
    </div>
  </main>
</main>
`;
